YES

a|i a|  a|  a|
b|  a|j a|  a|
b|j b|  a|  a|
a|  b|f a|  a|?â‰¥YESa|i a| a| a| b| a|j a| a| b|j b| a| a| a| b|f a| a| YESa|i a| a| a| b| a|j a| a| b|j b| a| a| a| b|f a| a| YESa|i a| a| a| b| a|j a| a| b|j b| a| a| a| b|f a| a| YESa|i a| a| a| b| a|j a| a| b|j b| a| a| a| b|f a| a| 