YES

a|i a|  b|  a|
a|  a|i b|  a|
a|  a|  b|i a|
a|  a|  a|f a|
YESa|i a| b| a| a| a|i b| a| a| a| b|i a| a| a| a|f a| YESa|i a| b| a| a| a|i b| a| a| a| b|i a| a| a| a|f a| YESa|i a| b| a| a| a|i b| a| a| a| b|i a| a| a| a|f a| YESa|i a| b| a| a| a|i b| a| a| a| b|i a| a| a| a|f a| 