YESa|i a| a| a| a| a| b|i a| a| a| a| a| c|i a| a| a| a| a| d|i a| a| a| a| a| e|i a| a| a| a| a| a| a|f a| a| a| a| 