YES

a|i b|  a|  a|
a|  b|i a|  a|
a|  a|f a|  a|
YESa|i b| a| a| a| b|i a| a| a| a|f a| a| 